\BOOKMARK [1][-]{section.1}{\376\377\137\025\212\000}{}% 1
\BOOKMARK [1][-]{section.2}{\376\377\127\372\170\100\217\223\121\145\116\016\217\223\121\372}{}% 2
\BOOKMARK [2][-]{subsection.2.1}{\376\377\000p\000r\000i\000n\000t\000\040\166\204\116\044\116\052\121\163\225\056\133\127\123\302\145\160}{section.2}% 3
\BOOKMARK [2][-]{subsection.2.2}{\376\377\000f\000o\000r\000m\000a\000t\000\040\150\074\137\017\123\026\217\223\121\372}{section.2}% 4
\BOOKMARK [2][-]{subsection.2.3}{\376\377\000f\000-\000s\000t\000r\000i\000n\000g\000\040\150\074\137\017\123\026\217\223\121\372}{section.2}% 5
\BOOKMARK [1][-]{section.3}{\376\377\145\160\120\074\217\320\173\227\116\016\174\173\127\213\217\154\143\142}{}% 6
\BOOKMARK [2][-]{subsection.3.1}{\376\377\123\326\145\164\116\016\202\015\121\145}{section.3}% 7
\BOOKMARK [2][-]{subsection.3.2}{\376\377\217\333\122\066\217\154\143\142\116\016\145\164\226\144}{section.3}% 8
\BOOKMARK [2][-]{subsection.3.3}{\376\377\143\320\123\326\124\004\117\115\145\160\133\127}{section.3}% 9
\BOOKMARK [2][-]{subsection.3.4}{\376\377\174\173\127\213\217\154\143\142\147\102\230\171}{section.3}% 10
\BOOKMARK [1][-]{section.4}{\376\377\122\007\162\107\060\001\136\003\134\024\116\016\220\073\217\221\217\320\173\227}{}% 11
\BOOKMARK [2][-]{subsection.4.1}{\376\377\122\007\162\107}{section.4}% 12
\BOOKMARK [2][-]{subsection.4.2}{\376\377\136\003\134\024\116\016\220\073\217\221\217\320\173\227}{section.4}% 13
\BOOKMARK [2][-]{subsection.4.3}{\376\377\155\167\214\141\217\320\173\227\173\046}{section.4}% 14
\BOOKMARK [1][-]{section.5}{\376\377\122\027\210\150\116\016\136\217\122\027\144\315\117\134}{}% 15
\BOOKMARK [2][-]{subsection.5.1}{\376\377\217\223\121\145\116\016\142\306\122\006}{section.5}% 16
\BOOKMARK [2][-]{subsection.5.2}{\376\377\122\027\210\150\130\236\122\040\116\016\142\374\143\245}{section.5}% 17
\BOOKMARK [2][-]{subsection.5.3}{\376\377\143\222\136\217\116\016\220\006\136\217}{section.5}% 18
\BOOKMARK [2][-]{subsection.5.4}{\376\377\147\345\142\176\116\016\213\241\145\160}{section.5}% 19
\BOOKMARK [2][-]{subsection.5.5}{\376\377\123\273\221\315}{section.5}% 20
\BOOKMARK [2][-]{subsection.5.6}{\376\377\122\027\210\150\116\016\133\127\173\046\116\062\116\222\217\154\060\001\211\343\123\005}{section.5}% 21
\BOOKMARK [2][-]{subsection.5.7}{\376\377\121\103\176\304\176\306\202\202}{section.5}% 22
\BOOKMARK [1][-]{section.6}{\376\377\137\252\163\257\116\016\155\101\172\013\143\247\122\066}{}% 23
\BOOKMARK [2][-]{subsection.6.1}{\376\377\000r\000a\000n\000g\000e\000\040\137\252\163\257\116\016\220\115\123\206}{section.6}% 24
\BOOKMARK [2][-]{subsection.6.2}{\376\377\147\141\116\366\210\150\217\276\137\017}{section.6}% 25
\BOOKMARK [2][-]{subsection.6.3}{\376\377\000m\000a\000t\000c\000h\000-\000c\000a\000s\000e}{section.6}% 26
\BOOKMARK [2][-]{subsection.6.4}{\376\377\000f\000o\000r\000.\000.\000.\000e\000l\000s\000e\000\040\116\016\000\040\000w\000h\000i\000l\000e\000.\000.\000.\000e\000l\000s\000e}{section.6}% 27
\BOOKMARK [1][-]{section.7}{\376\377\122\027\210\150\143\250\133\374\137\017\060\001\116\214\176\364\122\027\210\150\116\016\000\040\000e\000v\000a\000l}{}% 28
\BOOKMARK [1][-]{section.8}{\376\377\176\317\121\170\173\227\154\325\162\107\153\265}{}% 29
\BOOKMARK [2][-]{subsection.8.1}{\376\377\116\214\122\006\147\345\142\176}{section.8}% 30
\BOOKMARK [2][-]{subsection.8.2}{\376\377\220\011\142\351\143\222\136\217}{section.8}% 31
\BOOKMARK [1][-]{section.9}{\376\377\000e\000n\000u\000m\000e\000r\000a\000t\000e\000\040\147\232\116\076}{}% 32
\BOOKMARK [1][-]{section.10}{\376\377\121\375\145\160}{}% 33
\BOOKMARK [2][-]{subsection.10.1}{\376\377\133\232\116\111\116\016\214\003\165\050\060\001\000r\000e\000t\000u\000r\000n}{section.10}% 34
\BOOKMARK [2][-]{subsection.10.2}{\376\377\000l\000a\000m\000b\000d\000a\000\040\121\375\145\160}{section.10}% 35
\BOOKMARK [2][-]{subsection.10.3}{\376\377\130\236\221\317\215\113\120\074\116\016\123\357\123\330\140\047}{section.10}% 36
\BOOKMARK [2][-]{subsection.10.4}{\376\377\236\330\213\244\120\074\121\375\145\160}{section.10}% 37
\BOOKMARK [2][-]{subsection.10.5}{\376\377\123\357\123\330\123\302\145\160}{section.10}% 38
\BOOKMARK [1][-]{section.11}{\376\377\232\330\176\247\121\375\145\160\377\032\000z\000i\000p\060\001\000r\000e\000d\000u\000c\000e\060\001\000f\000i\000l\000t\000e\000r}{}% 39
\BOOKMARK [1][-]{section.12}{\376\377\137\002\136\070\131\004\164\006}{}% 40
\BOOKMARK [1][-]{section.13}{\376\377\176\323\213\355}{}% 41
