\BOOKMARK [1][]{section.1}{\376\377\116\000\060\001\000\040\225\356\230\230\221\315\217\360}{}% 1
\BOOKMARK [2][]{subsection.1.1}{\376\377\0001\000.\0001\000\040\225\356\230\230\200\314\146\157}{section.1}% 2
\BOOKMARK [2][]{subsection.1.2}{\376\377\0001\000.\0002\000\040\225\356\230\230\143\320\121\372}{section.1}% 3
\BOOKMARK [1][]{section.2}{\376\377\116\214\060\001\000\040\225\356\230\230\122\006\147\220}{}% 4
\BOOKMARK [2][]{subsection.2.1}{\376\377\0002\000.\0001\000\040\225\356\230\230\116\000\122\006\147\220}{section.2}% 5
\BOOKMARK [2][]{subsection.2.2}{\376\377\0002\000.\0002\000\040\225\356\230\230\116\214\122\006\147\220}{section.2}% 6
\BOOKMARK [2][]{subsection.2.3}{\376\377\0002\000.\0003\000\040\225\356\230\230\116\011\122\006\147\220}{section.2}% 7
\BOOKMARK [2][]{subsection.2.4}{\376\377\0002\000.\0004\000\040\225\356\230\230\126\333\122\006\147\220}{section.2}% 8
\BOOKMARK [1][]{section.3}{\376\377\116\011\060\001\000\040\152\041\127\213\120\107\213\276}{}% 9
\BOOKMARK [1][]{section.4}{\376\377\126\333\060\001\000\040\173\046\123\367\213\364\146\016}{}% 10
\BOOKMARK [1][]{section.5}{\376\377\116\224\060\001\000\040\225\356\230\230\116\000\166\204\152\041\127\213\166\204\136\372\172\313\124\214\154\102\211\343}{}% 11
\BOOKMARK [2][]{subsection.5.1}{\376\377\0005\000.\0001\000\040\122\051\165\050\000H\000a\000m\000p\000e\000l\156\344\154\342\126\150\217\333\210\114\145\160\143\156\230\204\131\004\164\006}{section.5}% 12
\BOOKMARK [3][]{subsubsection.5.1.1}{\376\377\0005\000.\0001\000.\0001\000\040\137\002\136\070\160\271\166\204\122\044\145\255\145\271\154\325}{subsection.5.1}% 13
\BOOKMARK [3][]{subsubsection.5.1.2}{\376\377\0005\000.\0001\000.\0002\000\040\116\044\226\066\153\265\201\352\220\002\136\224\150\300\155\113\173\126\165\145}{subsection.5.1}% 14
\BOOKMARK [3][]{subsubsection.5.1.3}{\376\377\0005\000.\0001\000.\0003\000\040\156\344\154\342\124\016\166\204\177\072\131\061\120\074\131\004\164\006}{subsection.5.1}% 15
\BOOKMARK [3][]{subsubsection.5.1.4}{\376\377\0005\000.\0001\000.\0004\000\040\145\160\143\156\230\204\131\004\164\006\176\323\147\234}{subsection.5.1}% 16
\BOOKMARK [2][]{subsection.5.2}{\376\377\0005\000.\0002\000\040\122\006\147\220\145\160\143\156\162\171\137\201}{section.5}% 17
\BOOKMARK [3][]{subsubsection.5.2.1}{\376\377\0005\000.\0002\000.\0001\000\040\145\160\143\156\166\204\124\150\147\037\140\047}{subsection.5.2}% 18
\BOOKMARK [3][]{subsubsection.5.2.2}{\376\377\0005\000.\0002\000.\0002\000\040\116\013\226\115\215\213\122\277\211\304\137\213}{subsection.5.2}% 19
\BOOKMARK [2][]{subsection.5.3}{\376\377\0005\000.\0003\000\040\176\364\142\244\174\173\127\213\133\371\220\017\154\064\163\207\166\204\137\161\124\315}{section.5}% 20
\BOOKMARK [3][]{subsubsection.5.3.1}{\376\377\0005\000.\0003\000.\0001\000\040\176\364\142\244\130\236\166\312\122\006\147\220}{subsection.5.3}% 21
\BOOKMARK [3][]{subsubsection.5.3.2}{\376\377\0005\000.\0003\000.\0002\000\040\176\364\142\244\143\137\117\044\122\006\147\220}{subsection.5.3}% 22
\BOOKMARK [3][]{subsubsection.5.3.3}{\376\377\0005\000.\0003\000.\0003\000\040\133\143\202\202\133\371\176\364\142\244\130\236\166\312\166\204\137\161\124\315}{subsection.5.3}% 23
\BOOKMARK [2][]{subsection.5.4}{\376\377\0005\000.\0004\000\040\123\315\136\224\220\017\154\064\163\207\123\330\123\026\166\204\137\161\124\315\143\007\150\007}{section.5}% 24
\BOOKMARK [3][]{subsubsection.5.4.1}{\376\377\0005\000.\0004\000.\0001\000\040\127\372\121\306\122\243\123\026\163\207}{subsection.5.4}% 25
\BOOKMARK [3][]{subsubsection.5.4.2}{\376\377\0005\000.\0004\000.\0002\000\040\133\143\202\202\137\161\124\315\173\227\133\120}{subsection.5.4}% 26
\BOOKMARK [3][]{subsubsection.5.4.3}{\376\377\0005\000.\0004\000.\0003\000\040\176\364\142\244\130\236\166\312}{subsection.5.4}% 27
\BOOKMARK [3][]{subsubsection.5.4.4}{\376\377\0005\000.\0004\000.\0004\000\040\176\364\142\244\143\137\117\044\174\373\145\160}{subsection.5.4}% 28
\BOOKMARK [1][]{section.6}{\376\377\121\155\060\001\000\040\225\356\230\230\116\214\166\204\152\041\127\213\166\204\136\372\172\313\124\214\154\102\211\343}{}% 29
\BOOKMARK [2][]{subsection.6.1}{\376\377\0006\000.\0001\000\040\217\307\156\344\126\150\133\377\124\175\230\204\155\113}{section.6}% 30
\BOOKMARK [3][]{subsubsection.6.1.1}{\376\377\0006\000.\0001\000.\0001\000\040\122\051\165\050\0004\116\052\143\007\150\007\143\242\172\166\220\017\154\064\163\207\122\250\140\001\123\330\123\026}{subsection.6.1}% 31
\BOOKMARK [3][]{subsubsection.6.1.2}{\376\377\0006\000.\0001\000.\0002\000\040\133\377\124\175\176\310\153\142\122\044\133\232}{subsection.6.1}% 32
\BOOKMARK [2][]{subsection.6.2}{\376\377\0006\000.\0002\000\040\124\004\217\307\156\344\126\150\166\204\123\302\145\160\217\320\210\114\176\323\147\234}{section.6}% 33
\BOOKMARK [2][]{subsection.6.3}{\376\377\0006\000.\0003\000\040\220\006\124\021\126\336\156\257\0002\0000\0002\0002\000-\0002\0000\0002\0004\136\164\166\204\145\160\143\156}{section.6}% 34
\BOOKMARK [2][]{subsection.6.4}{\376\377\0006\000.\0004\000\040\133\377\124\175\230\204\155\113\176\323\147\234}{section.6}% 35
\BOOKMARK [2][]{subsection.6.5}{\376\377\0006\000.\0005\000\040\220\017\154\064\163\207\230\204\155\113\162\171\137\201\122\006\147\220}{section.6}% 36
\BOOKMARK [2][]{subsection.6.6}{\376\377\0006\000.\0006\000\040\152\041\127\213\123\357\227\140\140\047\150\300\232\214}{section.6}% 37
\BOOKMARK [1][]{section.7}{\376\377\116\003\060\001\000\040\225\356\230\230\116\011\166\204\152\041\127\213\166\204\136\372\172\313\124\214\154\102\211\343}{}% 38
\BOOKMARK [2][]{subsection.7.1}{\376\377\0007\000.\0001\000\040\117\030\123\026\152\041\127\213\147\204\136\372}{section.7}% 39
\BOOKMARK [3][]{subsubsection.7.1.1}{\376\377\0007\000.\0001\000.\0001\000\040\117\030\123\026\121\375\145\160}{subsection.7.1}% 40
\BOOKMARK [3][]{subsubsection.7.1.2}{\376\377\0007\000.\0001\000.\0002\000\040\121\263\173\126\123\330\221\317}{subsection.7.1}% 41
\BOOKMARK [3][]{subsubsection.7.1.3}{\376\377\0007\000.\0001\000.\0003\000\040\176\246\147\137\147\141\116\366}{subsection.7.1}% 42
\BOOKMARK [2][]{subsection.7.2}{\376\377\0007\000.\0002\000\040\122\051\165\050\220\127\117\040\173\227\154\325\122\066\133\232\176\364\142\244\173\126\165\145}{section.7}% 43
\BOOKMARK [2][]{subsection.7.3}{\376\377\0007\000.\0003\000\040\220\127\117\040\173\227\154\325\166\204\154\102\211\343\176\323\147\234}{section.7}% 44
\BOOKMARK [1][]{section.8}{\376\377\121\153\060\001\000\040\225\356\230\230\126\333\166\204\152\041\127\213\166\204\136\372\172\313\124\214\154\102\211\343}{}% 45
\BOOKMARK [1][]{section.9}{\376\377\116\135\060\001\000\040\152\041\127\213\166\204\213\304\116\367}{}% 46
\BOOKMARK [2][]{subsection.9.1}{\376\377\0009\000.\0001\000\040\152\041\127\213\166\204\117\030\160\271}{section.9}% 47
\BOOKMARK [2][]{subsection.9.2}{\376\377\0009\000.\0002\000\040\152\041\127\213\166\204\177\072\160\271}{section.9}% 48
\BOOKMARK [2][]{subsection.9.3}{\376\377\0009\000.\0003\000\040\152\041\127\213\166\204\145\071\217\333\145\271\124\021}{section.9}% 49
\BOOKMARK [2][]{subsection.9.4}{\376\377\0009\000.\0004\000\040\152\041\127\213\166\204\143\250\136\177}{section.9}% 50
\BOOKMARK [1][]{section*.32}{\376\377\123\302\200\003\145\207\163\056}{}% 51
\BOOKMARK [1][]{appendix.1.A}{\376\377\226\104\137\125\000\040\000A\000\040\145\057\144\221\147\120\145\231\166\204\145\207\116\366\122\027\210\150}{}% 52
\BOOKMARK [1][]{appendix.1.B}{\376\377\226\104\137\125\000\040\000B\000\040\116\343\170\001}{}% 53
