\BOOKMARK [1][-]{section.1}{\376\377\137\025\212\000}{}% 1
\BOOKMARK [1][-]{section.2}{\376\377\121\306\131\007\135\345\117\134}{}% 2
\BOOKMARK [1][-]{section.3}{\376\377\136\163\227\142\176\330\126\376\127\372\170\100}{}% 3
\BOOKMARK [2][-]{subsection.3.1}{\376\377\166\364\176\277\116\016\160\271}{section.3}% 4
\BOOKMARK [2][-]{subsection.3.2}{\376\377\127\120\150\007\174\373\116\016\177\121\150\074}{section.3}% 5
\BOOKMARK [2][-]{subsection.3.3}{\376\377\116\011\211\322\137\142\116\016\217\205\122\251\176\277}{section.3}% 6
\BOOKMARK [2][-]{subsection.3.4}{\376\377\211\322\136\246\150\007\154\350}{section.3}% 7
\BOOKMARK [2][-]{subsection.3.5}{\376\377\127\120\150\007\174\373\217\333\226\066\377\032\116\244\160\271}{section.3}% 8
\BOOKMARK [2][-]{subsection.3.6}{\376\377\127\006\225\045\146\362\176\277}{section.3}% 9
\BOOKMARK [3][-]{subsubsection.3.6.1}{\376\377\127\006}{subsection.3.6}% 10
\BOOKMARK [3][-]{subsubsection.3.6.2}{\376\377\151\055\127\006}{subsection.3.6}% 11
\BOOKMARK [3][-]{subsubsection.3.6.3}{\376\377\142\233\162\151\176\277}{subsection.3.6}% 12
\BOOKMARK [3][-]{subsubsection.3.6.4}{\376\377\123\314\146\362\176\277}{subsection.3.6}% 13
\BOOKMARK [2][-]{subsection.3.7}{\376\377\147\201\127\120\150\007\176\330\126\376\377\010\163\253\164\160\176\277\377\011}{section.3}% 14
\BOOKMARK [2][-]{subsection.3.8}{\376\377\116\011\211\322\121\375\145\160\126\376\120\317}{section.3}% 15
\BOOKMARK [2][-]{subsection.3.9}{\376\377\123\072\127\337\130\153\121\105}{section.3}% 16
\BOOKMARK [1][-]{section.4}{\376\377\116\011\176\364\176\330\126\376}{}% 17
\BOOKMARK [2][-]{subsection.4.1}{\376\377\116\011\176\364\127\120\150\007\174\373}{section.4}% 18
\BOOKMARK [2][-]{subsection.4.2}{\376\377\172\172\225\364\160\271\116\016\166\364\176\277}{section.4}% 19
\BOOKMARK [2][-]{subsection.4.3}{\376\377\172\172\225\364\116\055\166\204\116\011\211\322\137\142\116\016\136\163\227\142}{section.4}% 20
\BOOKMARK [2][-]{subsection.4.4}{\376\377\116\011\176\364\131\032\227\142\117\123\377\032\153\143\145\271\117\123}{section.4}% 21
\BOOKMARK [2][-]{subsection.4.5}{\376\377\116\011\176\364\145\313\217\154\117\123\176\277\150\106\171\072\141\017\377\010\127\006\225\045\060\001\127\006\147\361\377\011}{section.4}% 22
\BOOKMARK [1][-]{section.5}{\376\377\176\374\124\010\171\072\117\213\377\032\136\163\227\142\116\016\116\011\176\364\126\376\137\142\155\367\124\010}{}% 23
\BOOKMARK [1][-]{section.6}{\376\377\217\333\226\066\142\200\135\347}{}% 24
\BOOKMARK [2][-]{subsection.6.1}{\376\377\126\376\145\207\136\166\143\222\377\010\000m\000i\000n\000i\000p\000a\000g\000e\377\011}{section.6}% 25
\BOOKMARK [2][-]{subsection.6.2}{\376\377\117\177\165\050\137\252\163\257\176\330\122\066\131\032\116\052\126\376\137\142}{section.6}% 26
\BOOKMARK [2][-]{subsection.6.3}{\376\377\201\352\133\232\116\111\173\255\131\064\150\067\137\017}{section.6}% 27
\BOOKMARK [2][-]{subsection.6.4}{\376\377\226\064\137\161\116\016\156\020\123\330}{section.6}% 28
\BOOKMARK [1][-]{section.7}{\376\377\176\323\213\355}{}% 29
