\BOOKMARK [1][-]{section.1}{\376\377\000I\000n\000t\000r\000o\000d\000u\000c\000t\000i\000o\000n}{}% 1
\BOOKMARK [2][-]{subsection.1.1}{\376\377\000B\000a\000c\000k\000g\000r\000o\000u\000n\000d}{section.1}% 2
\BOOKMARK [2][-]{subsection.1.2}{\376\377\000R\000e\000s\000t\000a\000t\000e\000m\000e\000n\000t\000\040\000o\000f\000\040\000t\000h\000e\000\040\000P\000r\000o\000b\000l\000e\000m}{section.1}% 3
\BOOKMARK [2][-]{subsection.1.3}{\376\377\000O\000u\000r\000\040\000W\000o\000r\000k\000\040\000\046\000\040\000M\000o\000d\000e\000l\000\040\000O\000v\000e\000r\000v\000i\000e\000w}{section.1}% 4
\BOOKMARK [1][-]{section.2}{\376\377\000A\000s\000s\000u\000m\000p\000t\000i\000o\000n\000s\000\040\000a\000n\000d\000\040\000J\000u\000s\000t\000i\000f\000i\000c\000a\000t\000i\000o\000n\000s}{}% 5
\BOOKMARK [1][-]{section.3}{\376\377\000N\000o\000t\000a\000t\000i\000o\000n\000s}{}% 6
\BOOKMARK [1][-]{section.4}{\376\377\165\065\154\140\122\237\163\207\155\210\200\027\122\250\140\001\137\256\122\006\145\271\172\013\152\041\127\213}{}% 7
\BOOKMARK [2][-]{subsection.4.1}{\376\377\152\041\127\213\220\011\142\351}{section.4}% 8
\BOOKMARK [2][-]{subsection.4.2}{\376\377\176\374\124\010\200\003\206\121\131\032\126\340\175\040\166\204\122\237\200\027\121\375\145\160}{section.4}% 9
\BOOKMARK [2][-]{subsection.4.3}{\376\377\200\003\206\121\156\051\136\246\137\161\124\315\166\204\152\041\127\213\117\356\153\143}{section.4}% 10
\BOOKMARK [2][-]{subsection.4.4}{\376\377\122\051\165\050\000R\000u\000n\000g\000e\000-\000K\000u\000t\000t\000a\154\325\154\102\211\343\136\070\137\256\122\006\145\271\172\013\145\160\120\074\211\343}{section.4}% 11
\BOOKMARK [2][-]{subsection.4.5}{\376\377\226\217\147\072\116\377\167\037}{section.4}% 12
\BOOKMARK [2][-]{subsection.4.6}{\376\377\123\302\145\160\117\060\213\241\145\271\154\325\116\016\152\041\127\213\124\010\164\006\140\047\213\364\146\016}{section.4}% 13
\BOOKMARK [1][-]{section.5}{\376\377\122\151\117\131\165\065\221\317\230\204\155\113\116\016\116\015\170\156\133\232\140\047\221\317\123\026}{}% 14
\BOOKMARK [2][-]{subsection.5.1}{\376\377\122\151\117\131\165\065\221\317\230\204\155\113}{section.5}% 15
\BOOKMARK [2][-]{subsection.5.2}{\376\377\146\076\204\127\137\161\124\315\126\340\175\040\122\006\147\220}{section.5}% 16
\BOOKMARK [2][-]{subsection.5.3}{\376\377\117\177\165\050\204\231\162\171\123\141\155\033\154\325\000Q\000u\000a\000n\000t\000i\000f\000y\000\040\000t\000h\000e\000\040\000U\000n\000c\000e\000r\000t\000a\000i\000n\000t\000y}{section.5}% 17
\BOOKMARK [1][-]{section.6}{\376\377\145\117\141\037\140\047\122\006\147\220\116\016\120\107\213\276\232\214\213\301}{}% 18
\BOOKMARK [2][-]{subsection.6.1}{\376\377\120\107\213\276\232\214\213\301}{section.6}% 19
\BOOKMARK [3][-]{subsubsection.6.1.1}{\376\377\145\071\123\330\000O\000L\000E\000D\134\117\136\125\120\107\213\276}{subsection.6.1}% 20
\BOOKMARK [3][-]{subsubsection.6.1.2}{\376\377\145\071\123\330\140\122\156\051\120\107\213\276}{subsection.6.1}% 21
\BOOKMARK [2][-]{subsection.6.2}{\376\377\145\117\141\037\140\047\122\006\147\220}{section.6}% 22
\BOOKMARK [3][-]{subsubsection.6.2.1}{\376\377\000P\000a\000r\000a\000m\000e\000t\000e\000r\000\040\000v\000a\000l\000u\000e\000s\166\204\145\117\141\037\140\047}{subsection.6.2}% 23
\BOOKMARK [3][-]{subsubsection.6.2.2}{\376\377\145\071\123\330\000f\000l\000u\000c\000t\000u\000a\000t\000i\000o\000n\000s\000\040\000i\000n\000\040\000u\000s\000a\000g\000e\000\040\000p\000a\000t\000t\000e\000r\000n\000s}{subsection.6.2}% 24
\BOOKMARK [1][-]{section.7}{\376\377\136\372\213\256}{}% 25
\BOOKMARK [2][-]{subsection.7.1}{\376\377\227\142\124\021\142\113\147\072\165\050\142\067\166\204\136\372\213\256}{section.7}% 26
\BOOKMARK [2][-]{subsection.7.2}{\376\377\227\142\124\021\144\315\117\134\174\373\176\337\166\204\117\030\123\026\136\372\213\256}{section.7}% 27
\BOOKMARK [2][-]{subsection.7.3}{\376\377\121\163\116\216\200\003\206\121\165\065\154\140\200\001\123\026\166\204\136\372\213\256}{section.7}% 28
\BOOKMARK [2][-]{subsection.7.4}{\376\377\152\041\127\213\136\366\117\070\377\032\215\350\213\276\131\007\220\002\221\115}{section.7}% 29
\BOOKMARK [1][-]{section.8}{\376\377\000M\000o\000d\000e\000l\000\040\000E\000v\000a\000l\000u\000a\000t\000i\000o\000n}{}% 30
\BOOKMARK [2][-]{subsection.8.1}{\376\377\000S\000t\000r\000e\000n\000g\000t\000h\000s}{section.8}% 31
\BOOKMARK [2][-]{subsection.8.2}{\376\377\000W\000e\000a\000k\000n\000e\000s\000s\000e\000s}{section.8}% 32
\BOOKMARK [2][-]{subsection.8.3}{\376\377\000I\000m\000p\000r\000o\000v\000e\000m\000e\000n\000t}{section.8}% 33
\BOOKMARK [1][-]{section*.25}{\376\377\000R\000e\000f\000e\000r\000e\000n\000c\000e\000s}{}% 34
