\BOOKMARK [1][]{section.1}{\376\377\116\000\060\001\000\040\225\356\230\230\221\315\217\360}{}% 1
\BOOKMARK [2][]{subsection.1.1}{\376\377\0001\000.\0001\000\040\225\356\230\230\200\314\146\157}{section.1}% 2
\BOOKMARK [2][]{subsection.1.2}{\376\377\0001\000.\0002\000\040\225\356\230\230\143\320\121\372}{section.1}% 3
\BOOKMARK [1][]{section.2}{\376\377\116\214\060\001\000\040\225\356\230\230\122\006\147\220}{}% 4
\BOOKMARK [2][]{subsection.2.1}{\376\377\0002\000.\0001\000\040\225\356\230\230\116\000\122\006\147\220}{section.2}% 5
\BOOKMARK [2][]{subsection.2.2}{\376\377\0002\000.\0002\000\040\225\356\230\230\116\214\122\006\147\220}{section.2}% 6
\BOOKMARK [2][]{subsection.2.3}{\376\377\0002\000.\0003\000\040\225\356\230\230\116\011\122\006\147\220}{section.2}% 7
\BOOKMARK [2][]{subsection.2.4}{\376\377\0002\000.\0004\000\040\225\356\230\230\126\333\122\006\147\220}{section.2}% 8
\BOOKMARK [1][]{section.3}{\376\377\116\011\060\001\000\040\152\041\127\213\120\107\213\276}{}% 9
\BOOKMARK [1][]{section.4}{\376\377\126\333\060\001\000\040\173\046\123\367\213\364\146\016}{}% 10
\BOOKMARK [1][]{section.5}{\376\377\116\224\060\001\000\040\225\356\230\230\116\000\166\204\152\041\127\213\136\372\172\313\116\016\154\102\211\343}{}% 11
\BOOKMARK [2][]{subsection.5.1}{\376\377\0005\000.\0001\000\040\123\125\145\345\215\055\165\065\116\016\120\250\200\375\214\003\136\246\117\030\123\026\152\041\127\213}{section.5}% 12
\BOOKMARK [3][]{subsubsection.5.1.1}{\376\377\0005\000.\0001\000.\0001\000\040\121\263\173\126\123\330\221\317\116\016\123\302\145\160}{subsection.5.1}% 13
\BOOKMARK [3][]{subsubsection.5.1.2}{\376\377\0005\000.\0001\000.\0002\000\040\166\356\150\007\121\375\145\160}{subsection.5.1}% 14
\BOOKMARK [3][]{subsubsection.5.1.3}{\376\377\0005\000.\0001\000.\0003\000\040\176\246\147\137\147\141\116\366}{subsection.5.1}% 15
\BOOKMARK [2][]{subsection.5.2}{\376\377\0005\000.\0002\000\040\152\041\127\213\154\102\211\343\116\016\176\323\147\234\122\006\147\220}{section.5}% 16
\BOOKMARK [1][]{section.6}{\376\377\121\155\060\001\000\040\225\356\230\230\116\214\166\204\152\041\127\213\136\372\172\313\124\214\154\102\211\343}{}% 17
\BOOKMARK [2][]{subsection.6.1}{\376\377\0006\000.\0001\000\040\230\204\155\113\152\041\127\213}{section.6}% 18
\BOOKMARK [3][]{subsubsection.6.1.1}{\376\377\0006\000.\0001\000.\0001\000\040\215\037\217\175\230\204\155\113}{subsection.6.1}% 19
\BOOKMARK [3][]{subsubsection.6.1.2}{\376\377\0006\000.\0001\000.\0002\000\040\121\111\117\017\123\321\165\065\122\237\163\207\230\204\155\113}{subsection.6.1}% 20
\BOOKMARK [3][]{subsubsection.6.1.3}{\376\377\0006\000.\0001\000.\0003\000\040\121\267\124\057\122\250\116\016\116\000\147\010\116\375\230\204\160\355}{subsection.6.1}% 21
\BOOKMARK [3][]{subsubsection.6.1.4}{\376\377\0006\000.\0001\000.\0004\000\040\227\136\133\371\171\360\230\316\226\151\150\041\121\306}{subsection.6.1}% 22
\BOOKMARK [2][]{subsection.6.2}{\376\377\0006\000.\0002\000\040\117\030\123\026\152\041\127\213}{section.6}% 23
\BOOKMARK [3][]{subsubsection.6.2.1}{\376\377\0006\000.\0002\000.\0001\000\040\145\345\122\115\213\241\122\022\215\055\165\065}{subsection.6.2}% 24
\BOOKMARK [3][]{subsubsection.6.2.2}{\376\377\0006\000.\0002\000.\0002\000\040\121\150\136\164\215\055\165\065\215\071\165\050}{subsection.6.2}% 25
\BOOKMARK [2][]{subsection.6.3}{\376\377\0006\000.\0003\000\040\176\323\147\234\122\006\147\220}{section.6}% 26
\BOOKMARK [3][]{subsubsection.6.3.1}{\376\377\0006\000.\0003\000.\0001\000\040\215\037\203\167\116\016\121\111\117\017\123\321\165\065\122\237\163\207\230\204\155\113\176\323\147\234}{subsection.6.3}% 27
\BOOKMARK [3][]{subsubsection.6.3.2}{\376\377\0006\000.\0003\000.\0002\000\040\176\317\155\116\140\047\116\016\214\003\136\246\176\323\147\234\122\006\147\220}{subsection.6.3}% 28
\BOOKMARK [3][]{subsubsection.6.3.3}{\376\377\0006\000.\0003\000.\0003\000\040\230\316\226\151\150\041\121\306\147\072\122\066\176\323\147\234\122\006\147\220}{subsection.6.3}% 29
\BOOKMARK [3][]{subsubsection.6.3.4}{\376\377\0006\000.\0003\000.\0004\000\040\143\007\133\232\145\345\147\037\176\323\147\234\154\107\140\073}{subsection.6.3}% 30
\BOOKMARK [1][]{section.7}{\376\377\116\003\060\001\000\040\225\356\230\230\116\011\166\204\152\041\127\213\166\204\136\372\172\313\124\214\154\102\211\343}{}% 31
\BOOKMARK [2][]{subsection.7.1}{\376\377\0007\000.\0001\000\040\0006\134\017\145\366\230\204\142\245\215\055\165\065\214\003\145\164\152\041\127\213}{section.7}% 32
\BOOKMARK [2][]{subsection.7.2}{\376\377\0007\000.\0002\000\040\145\345\121\205\000\040\0002\0004\000\040\134\017\145\366\156\332\122\250\176\277\140\047\211\304\122\022\152\041\127\213}{section.7}% 33
\BOOKMARK [2][]{subsection.7.3}{\376\377\0007\000.\0003\000\040\152\041\127\213\154\102\211\343\176\323\147\234\116\016\122\006\147\220}{section.7}% 34
\BOOKMARK [3][]{subsubsection.7.3.1}{\376\377\0007\000.\0003\000.\0001\000\040\121\150\136\164\156\332\122\250\117\030\123\026\176\323\147\234\151\202\211\310}{subsection.7.3}% 35
\BOOKMARK [3][]{subsubsection.7.3.2}{\376\377\0007\000.\0003\000.\0002\000\040\121\170\127\213\145\345\147\037\215\055\165\065\173\126\165\145\214\003\145\164\122\006\147\220}{subsection.7.3}% 36
\BOOKMARK [3][]{subsubsection.7.3.3}{\376\377\0007\000.\0003\000.\0003\000\040\116\015\124\014\230\204\142\245\145\366\160\271\166\204\217\271\226\105\116\367\120\074}{subsection.7.3}% 37
\BOOKMARK [3][]{subsubsection.7.3.4}{\376\377\0007\000.\0003\000.\0004\000\040\143\007\133\232\145\345\147\037\176\323\147\234\154\107\140\073}{subsection.7.3}% 38
\BOOKMARK [2][]{subsection.7.4}{\376\377\0007\000.\0004\000\040\220\032\217\307\122\250\140\001\227\136\133\371\171\360\230\316\226\151\136\046\173\133\220\011\230\235\131\026\230\204\142\245\145\366\225\364\160\271}{section.7}% 39
\BOOKMARK [2][]{subsection.7.5}{\376\377\0007\000.\0005\000\040\230\235\131\026\230\204\142\245\145\366\225\364\154\102\211\343\176\323\147\234}{section.7}% 40
\BOOKMARK [3][]{subsubsection.7.5.1}{\376\377\0007\000.\0005\000.\0001\000\040\120\031\220\011\145\366\160\271\173\133\220\011}{subsection.7.5}% 41
\BOOKMARK [3][]{subsubsection.7.5.2}{\376\377\0007\000.\0005\000.\0002\000\040\120\031\220\011\230\204\155\113\145\366\160\271\116\016\123\237\145\271\150\110\133\371\153\324\122\006\147\220}{subsection.7.5}% 42
\BOOKMARK [3][]{subsubsection.7.5.3}{\376\377\0007\000.\0005\000.\0003\000\040\121\263\173\126\136\372\213\256}{subsection.7.5}% 43
\BOOKMARK [1][]{section.8}{\376\377\121\153\060\001\000\040\225\356\230\230\126\333\166\204\152\041\127\213\136\372\172\313\124\214\154\102\211\343}{}% 44
\BOOKMARK [2][]{subsection.8.1}{\376\377\0008\000.\0001\000\040\154\342\122\250\165\065\116\367\230\204\155\113\152\041\127\213}{section.8}% 45
\BOOKMARK [2][]{subsection.8.2}{\376\377\0008\000.\0002\000\040\145\345\122\115\116\016\145\345\121\205\156\332\122\250\117\030\123\026}{section.8}% 46
\BOOKMARK [2][]{subsection.8.3}{\376\377\0008\000.\0003\000\040\154\342\122\250\165\065\116\367\116\013\122\044\145\255\137\025\121\145\230\204\142\245\145\366\160\271\166\204\123\330\123\026}{section.8}% 47
\BOOKMARK [2][]{subsection.8.4}{\376\377\0008\000.\0004\000\040\152\041\127\213\154\102\211\343\176\323\147\234\116\016\122\006\147\220}{section.8}% 48
\BOOKMARK [3][]{subsubsection.8.4.1}{\376\377\0008\000.\0004\000.\0001\000\040\127\050\154\342\122\250\165\065\116\367\166\204\140\305\121\265\116\013\154\102\211\343\225\356\230\230\116\214}{subsection.8.4}% 49
\BOOKMARK [3][]{subsubsection.8.4.2}{\376\377\0008\000.\0004\000.\0002\000\040\127\050\154\342\122\250\165\065\116\367\166\204\140\305\121\265\116\013\154\102\211\343\225\356\230\230\116\011}{subsection.8.4}% 50
\BOOKMARK [1][]{section.9}{\376\377\116\135\060\001\000\040\152\041\127\213\166\204\213\304\116\367}{}% 51
\BOOKMARK [2][]{subsection.9.1}{\376\377\0009\000.\0001\000\040\152\041\127\213\166\204\117\030\160\271}{section.9}% 52
\BOOKMARK [2][]{subsection.9.2}{\376\377\0009\000.\0002\000\040\152\041\127\213\166\204\177\072\160\271}{section.9}% 53
\BOOKMARK [2][]{subsection.9.3}{\376\377\0009\000.\0003\000\040\152\041\127\213\166\204\145\071\217\333\145\271\124\021}{section.9}% 54
\BOOKMARK [1][]{section*.38}{\376\377\123\302\200\003\145\207\163\056}{}% 55
\BOOKMARK [1][]{appendix.1.A}{\376\377\226\104\137\125\000\040\000A\000\040\145\057\144\221\147\120\145\231\166\204\145\207\116\366\122\027\210\150}{}% 56
\BOOKMARK [1][]{appendix.1.B}{\376\377\226\104\137\125\000\040\000B\000\040\116\343\170\001}{}% 57
