\BOOKMARK [1][-]{section.1}{\376\377\122\035\123\107\232\330\146\221\147\037\145\160\133\146}{}% 1
\BOOKMARK [2][-]{subsection.1.1}{\376\377\173\054\116\000\213\262\000\040\116\214\153\041\145\271\172\013\142\323\134\125}{section.1}% 2
\BOOKMARK [3][-]{subsubsection.1.1.1}{\376\377\126\340\137\017\122\006\211\343}{subsection.1.1}% 3
\BOOKMARK [3][-]{subsubsection.1.1.2}{\376\377\211\343\124\053\123\302\145\271\172\013}{subsection.1.1}% 4
\BOOKMARK [3][-]{subsubsection.1.1.3}{\376\377\227\346\217\276\133\232\164\006}{subsection.1.1}% 5
\BOOKMARK [2][-]{subsection.1.2}{\376\377\173\054\116\214\213\262\000\040\211\343\116\015\173\111\137\017}{section.1}% 6
\BOOKMARK [3][-]{subsubsection.1.2.1}{\376\377\116\015\173\111\137\017\166\204\140\047\215\050}{subsection.1.2}% 7
\BOOKMARK [3][-]{subsubsection.1.2.2}{\376\377\211\343\116\000\121\103\116\214\153\041\116\015\173\111\137\017}{subsection.1.2}% 8
\BOOKMARK [3][-]{subsubsection.1.2.3}{\376\377\211\343\122\006\137\017\116\015\173\111\137\017}{subsection.1.2}% 9
\BOOKMARK [2][-]{subsection.1.3}{\376\377\173\054\116\011\213\262\000\040\211\343\124\053\123\302\116\015\173\111\137\017}{section.1}% 10
\BOOKMARK [3][-]{subsubsection.1.3.1}{\376\377\211\343\176\335\133\371\120\074\116\015\173\111\137\017}{subsection.1.3}% 11
\BOOKMARK [3][-]{subsubsection.1.3.2}{\376\377\211\343\116\000\121\103\116\000\153\041\124\053\123\302\116\015\173\111\137\017}{subsection.1.3}% 12
\BOOKMARK [3][-]{subsubsection.1.3.3}{\376\377\211\343\116\000\121\103\116\214\153\041\124\053\123\302\116\015\173\111\137\017}{subsection.1.3}% 13
\BOOKMARK [2][-]{subsection.1.4}{\376\377\173\054\126\333\213\262\000\040\127\372\147\054\116\015\173\111\137\017}{section.1}% 14
\BOOKMARK [2][-]{subsection.1.5}{\376\377\173\054\116\224\213\262\000\040\173\200\146\023\220\073\217\221\116\016\226\306\124\010\151\202\137\365}{section.1}% 15
\BOOKMARK [3][-]{subsubsection.1.5.1}{\376\377\124\175\230\230}{subsection.1.5}% 16
\BOOKMARK [3][-]{subsubsection.1.5.2}{\376\377\121\105\122\006\147\141\116\366\124\214\137\305\211\201\147\141\116\366}{subsection.1.5}% 17
\BOOKMARK [3][-]{subsubsection.1.5.3}{\376\377\226\306\124\010}{subsection.1.5}% 18
\BOOKMARK [3][-]{subsubsection.1.5.4}{\376\377\226\306\124\010\166\204\210\150\171\072\154\325}{subsection.1.5}% 19
\BOOKMARK [2][-]{subsection.1.6}{\376\377\173\054\121\155\213\262\000\040\226\306\124\010\121\163\174\373\116\016\217\320\173\227}{section.1}% 20
\BOOKMARK [3][-]{subsubsection.1.6.1}{\376\377\226\306\124\010\225\364\166\204\121\163\174\373}{subsection.1.6}% 21
\BOOKMARK [3][-]{subsubsection.1.6.2}{\376\377\226\306\124\010\166\204\217\320\173\227}{subsection.1.6}% 22
\BOOKMARK [2][-]{subsection.1.7}{\376\377\173\054\116\003\213\262\000\040\121\375\145\160}{section.1}% 23
\BOOKMARK [3][-]{subsubsection.1.7.1}{\376\377\121\375\145\160\166\204\151\202\137\365}{subsection.1.7}% 24
\BOOKMARK [3][-]{subsubsection.1.7.2}{\376\377\142\323\134\125\377\010\154\102\120\074\127\337\377\011}{subsection.1.7}% 25
\BOOKMARK [2][-]{subsection.1.8}{\376\377\173\054\121\153\213\262\000\040\121\375\145\160\123\125\214\003\140\047}{section.1}% 26
\BOOKMARK [2][-]{subsection.1.9}{\376\377\173\054\116\135\213\262\000\040\121\375\145\160\131\107\120\166\140\047\116\016\136\102\121\375\145\160}{section.1}% 27
\BOOKMARK [3][-]{subsubsection.1.9.1}{\376\377\131\107\120\166\140\047}{subsection.1.9}% 28
\BOOKMARK [3][-]{subsubsection.1.9.2}{\376\377\136\102\121\375\145\160}{subsection.1.9}% 29
\BOOKMARK [2][-]{subsection.1.10}{\376\377\173\054\123\101\213\262\000\040\143\007\145\160\217\320\173\227\116\016\143\007\145\160\121\375\145\160}{section.1}% 30
\BOOKMARK [3][-]{subsubsection.1.10.1}{\376\377\143\007\145\160\217\320\173\227}{subsection.1.10}% 31
\BOOKMARK [3][-]{subsubsection.1.10.2}{\376\377\143\007\145\160\121\375\145\160}{subsection.1.10}% 32
\BOOKMARK [2][-]{subsection.1.11}{\376\377\173\054\123\101\116\000\213\262\000\040\133\371\145\160\217\320\173\227}{section.1}% 33
\BOOKMARK [3][-]{subsubsection.1.11.1}{\376\377\133\371\145\160\166\204\133\232\116\111}{subsection.1.11}% 34
\BOOKMARK [3][-]{subsubsection.1.11.2}{\376\377\133\371\145\160\217\320\173\227}{subsection.1.11}% 35
\BOOKMARK [2][-]{subsection.1.12}{\376\377\173\054\123\101\116\214\213\262\000\040\133\371\145\160\121\375\145\160}{section.1}% 36
\BOOKMARK [2][-]{subsection.1.13}{\376\377\173\054\123\101\116\011\213\262\000\040\126\376\214\141\123\330\143\142\116\016\226\366\160\271}{section.1}% 37
\BOOKMARK [3][-]{subsubsection.1.13.1}{\376\377\126\376\214\141\123\330\143\142}{subsection.1.13}% 38
\BOOKMARK [3][-]{subsubsection.1.13.2}{\376\377\226\366\160\271\225\356\230\230}{subsection.1.13}% 39
\BOOKMARK [2][-]{subsection.1.14}{\376\377\173\054\123\101\126\333\213\262\000\040\116\373\141\017\211\322\166\204\116\011\211\322\121\375\145\160}{section.1}% 40
\BOOKMARK [3][-]{subsubsection.1.14.1}{\376\377\116\373\141\017\211\322}{subsection.1.14}% 41
\BOOKMARK [3][-]{subsubsection.1.14.2}{\376\377\137\047\136\246\122\066}{subsection.1.14}% 42
\BOOKMARK [3][-]{subsubsection.1.14.3}{\376\377\116\373\141\017\211\322\166\204\116\011\211\322\121\375\145\160}{subsection.1.14}% 43
\BOOKMARK [2][-]{subsection.1.15}{\376\377\173\054\123\101\116\224\213\262\000\040\124\014\211\322\127\372\147\054\121\163\174\373\116\016\213\361\133\374\121\154\137\017}{section.1}% 44
\BOOKMARK [3][-]{subsubsection.1.15.1}{\376\377\124\014\211\322\127\372\147\054\121\163\174\373}{subsection.1.15}% 45
\BOOKMARK [3][-]{subsubsection.1.15.2}{\376\377\213\361\133\374\121\154\137\017}{subsection.1.15}% 46
\BOOKMARK [1][-]{section.2}{\376\377\232\330\116\000\116\012\133\146\147\037\171\313\133\143}{}% 47
\BOOKMARK [1][-]{section.3}{\376\377\121\306\232\330\116\214\146\221\147\037\145\160\133\146}{}% 48
\BOOKMARK [2][-]{subsection.3.1}{\376\377\173\054\116\000\213\262\000\040\172\172\225\364\124\021\221\317\166\204\151\202\137\365\123\312\121\166\217\320\173\227}{section.3}% 49
\BOOKMARK [3][-]{subsubsection.3.1.1}{\376\377\172\172\225\364\124\021\221\317\166\204\151\202\137\365\123\312\121\166\176\277\140\047\217\320\173\227}{subsection.3.1}% 50
\BOOKMARK [3][-]{subsubsection.3.1.2}{\376\377\124\021\221\317\166\204\145\160\221\317\171\357}{subsection.3.1}% 51
\BOOKMARK [3][-]{subsubsection.3.1.3}{\376\377\127\120\150\007\217\320\173\227}{subsection.3.1}% 52
\BOOKMARK [2][-]{subsection.3.2}{\376\377\173\054\116\214\213\262\000\040\172\313\117\123\121\340\117\125\116\055\166\204\124\021\221\317\145\271\154\325}{section.3}% 53
\BOOKMARK [3][-]{subsubsection.3.2.1}{\376\377\145\271\124\021\124\021\221\317\116\016\154\325\124\021\221\317}{subsection.3.2}% 54
\BOOKMARK [3][-]{subsubsection.3.2.2}{\376\377\172\172\225\364\136\163\210\114\060\001\127\202\166\364\116\016\172\172\225\364\124\021\221\317\166\204\121\163\174\373}{subsection.3.2}% 55
\BOOKMARK [3][-]{subsubsection.3.2.3}{\376\377\211\322\136\246\225\356\230\230}{subsection.3.2}% 56
\BOOKMARK [2][-]{subsection.3.3}{\376\377\173\054\116\011\213\262\000\040\166\364\176\277\145\271\172\013}{section.3}% 57
\BOOKMARK [3][-]{subsubsection.3.3.1}{\376\377\166\364\176\277\145\271\172\013}{subsection.3.3}% 58
\BOOKMARK [3][-]{subsubsection.3.3.2}{\376\377\117\115\177\156\121\163\174\373\116\016\215\335\171\273\121\154\137\017}{subsection.3.3}% 59
\BOOKMARK [2][-]{subsection.3.4}{\376\377\173\054\126\333\213\262\000\040\166\364\176\277\116\016\127\006}{section.3}% 60
\BOOKMARK [3][-]{subsubsection.3.4.1}{\376\377\127\006\166\204\145\271\172\013}{subsection.3.4}% 61
\BOOKMARK [3][-]{subsubsection.3.4.2}{\376\377\160\271\060\001\166\364\176\277\060\001\127\006\116\016\127\006\166\204\117\115\177\156\121\163\174\373}{subsection.3.4}% 62
\BOOKMARK [2][-]{subsection.3.5}{\376\377\173\054\116\224\213\262\000\040\151\055\127\006\122\035\153\145}{section.3}% 63
\BOOKMARK [3][-]{subsubsection.3.5.1}{\376\377\151\055\127\006\166\204\133\232\116\111}{subsection.3.5}% 64
\BOOKMARK [3][-]{subsubsection.3.5.2}{\376\377\151\055\127\006\166\204\150\007\121\306\145\271\172\013}{subsection.3.5}% 65
\BOOKMARK [3][-]{subsubsection.3.5.3}{\376\377\121\340\117\125\140\047\215\050}{subsection.3.5}% 66
\BOOKMARK [2][-]{subsection.3.6}{\376\377\173\054\121\155\213\262\000\040\123\314\146\362\176\277\122\035\153\145}{section.3}% 67
\BOOKMARK [3][-]{subsubsection.3.6.1}{\376\377\123\314\146\362\176\277\166\204\133\232\116\111}{subsection.3.6}% 68
\BOOKMARK [3][-]{subsubsection.3.6.2}{\376\377\123\314\146\362\176\277\166\204\150\007\121\306\145\271\172\013}{subsection.3.6}% 69
\BOOKMARK [3][-]{subsubsection.3.6.3}{\376\377\121\340\117\125\140\047\215\050}{subsection.3.6}% 70
\BOOKMARK [2][-]{subsection.3.7}{\376\377\173\054\116\003\213\262\000\040\142\233\162\151\176\277\122\035\153\145}{section.3}% 71
\BOOKMARK [3][-]{subsubsection.3.7.1}{\376\377\133\232\116\111}{subsection.3.7}% 72
\BOOKMARK [3][-]{subsubsection.3.7.2}{\376\377\150\007\121\306\145\271\172\013}{subsection.3.7}% 73
\BOOKMARK [3][-]{subsubsection.3.7.3}{\376\377\133\232\116\111\116\016\161\046\121\306\215\335\217\154\123\026}{subsection.3.7}% 74
\BOOKMARK [3][-]{subsubsection.3.7.4}{\376\377\134\006\121\233\231\156\232\154\225\356\230\230}{subsection.3.7}% 75
\BOOKMARK [3][-]{subsubsection.3.7.5}{\376\377\166\370\117\074\116\011\211\322\137\142\225\356\230\230}{subsection.3.7}% 76
\BOOKMARK [2][-]{subsection.3.8}{\376\377\173\054\121\153\213\262\000\040\217\150\217\371\145\271\172\013}{section.3}% 77
\BOOKMARK [3][-]{subsubsection.3.8.1}{\376\377\127\006\225\045\146\362\176\277\176\374\124\010\000\050\154\102\145\271\172\013\000/\171\273\137\303\163\207\000\051}{subsection.3.8}% 78
\BOOKMARK [2][-]{subsection.3.9}{\376\377\173\054\116\135\213\262\000\040\137\046\225\177\225\356\230\230}{section.3}% 79
\BOOKMARK [3][-]{subsubsection.3.9.1}{\376\377\166\364\176\277\116\016\151\055\127\006}{subsection.3.9}% 80
\BOOKMARK [3][-]{subsubsection.3.9.2}{\376\377\166\364\176\277\116\016\142\233\162\151\176\277}{subsection.3.9}% 81
\BOOKMARK [3][-]{subsubsection.3.9.3}{\376\377\166\364\176\277\116\016\123\314\146\362\176\277}{subsection.3.9}% 82
\BOOKMARK [3][-]{subsubsection.3.9.4}{\376\377\137\046\225\177\225\356\230\230}{subsection.3.9}% 83
\BOOKMARK [2][-]{subsection.3.10}{\376\377\173\054\123\101\213\262\000\040\227\142\171\357\225\356\230\230}{section.3}% 84
\BOOKMARK [3][-]{subsubsection.3.10.1}{\376\377\227\142\171\357\213\241\173\227\225\356\230\230}{subsection.3.10}% 85
\BOOKMARK [3][-]{subsubsection.3.10.2}{\376\377\227\142\171\357\147\000\120\074\225\356\230\230}{subsection.3.10}% 86
\BOOKMARK [2][-]{subsection.3.11}{\376\377\173\054\123\101\116\000\213\262\000\040\133\232\120\074\225\356\230\230}{section.3}% 87
\BOOKMARK [2][-]{subsection.3.12}{\376\377\173\054\123\101\116\214\213\262\000\040\173\111\135\356\145\160\122\027}{section.3}% 88
\BOOKMARK [3][-]{subsubsection.3.12.1}{\376\377\145\160\122\027\166\204\151\202\137\365}{subsection.3.12}% 89
\BOOKMARK [3][-]{subsubsection.3.12.2}{\376\377\173\111\135\356\145\160\122\027\166\204\151\202\137\365}{subsection.3.12}% 90
\BOOKMARK [3][-]{subsubsection.3.12.3}{\376\377\173\111\135\356\145\160\122\027\166\204\140\047\215\050}{subsection.3.12}% 91
\BOOKMARK [2][-]{subsection.3.13}{\376\377\173\054\123\101\116\011\213\262\000\040\173\111\153\324\145\160\122\027}{section.3}% 92
\BOOKMARK [3][-]{subsubsection.3.13.1}{\376\377\151\202\137\365}{subsection.3.13}% 93
\BOOKMARK [3][-]{subsubsection.3.13.2}{\376\377\173\111\153\324\145\160\122\027\166\204\140\047\215\050}{subsection.3.13}% 94
\BOOKMARK [3][-]{subsubsection.3.13.3}{\376\377\173\111\135\356\060\001\173\111\153\324\176\374\124\010}{subsection.3.13}% 95
\BOOKMARK [2][-]{subsection.3.14}{\376\377\173\054\123\101\126\333\213\262\000\040\145\160\122\027\154\102\220\032\230\171}{section.3}% 96
\BOOKMARK [3][-]{subsubsection.3.14.1}{\376\377\175\057\122\240\154\325}{subsection.3.14}% 97
\BOOKMARK [3][-]{subsubsection.3.14.2}{\376\377\175\057\116\130\154\325}{subsection.3.14}% 98
\BOOKMARK [3][-]{subsubsection.3.14.3}{\376\377\000a\000n\116\016\000S\000n\166\204\121\163\174\373}{subsection.3.14}% 99
\BOOKMARK [2][-]{subsection.3.15}{\376\377\173\054\123\101\116\224\213\262\000\040\145\160\122\027\154\102\124\214\377\010\122\006\176\304\154\102\124\214\377\011}{section.3}% 100
\BOOKMARK [3][-]{subsubsection.3.15.1}{\376\377\142\306\122\006\142\020\173\111\135\356\060\001\173\111\153\324\145\160\122\027\154\102\124\214}{subsection.3.15}% 101
\BOOKMARK [3][-]{subsubsection.3.15.2}{\376\377\124\053\176\335\133\371\120\074}{subsection.3.15}% 102
\BOOKMARK [3][-]{subsubsection.3.15.3}{\376\377\131\107\120\166\122\006\122\053\154\102\124\214}{subsection.3.15}% 103
\BOOKMARK [3][-]{subsubsection.3.15.4}{\376\377\131\107\120\166\162\171\153\212\140\305\121\265}{subsection.3.15}% 104
\BOOKMARK [1][-]{section.4}{\376\377\232\330\116\214\171\313\133\143\377\010\116\012\133\146\147\037\377\011}{}% 105
\BOOKMARK [2][-]{subsection.4.1}{\376\377\173\054\116\000\213\262\000\040\172\172\225\364\124\021\221\317\122\035\153\145}{section.4}% 106
\BOOKMARK [3][-]{subsubsection.4.1.1}{\376\377\151\202\137\365\060\001\176\277\140\047\217\320\173\227}{subsection.4.1}% 107
\BOOKMARK [3][-]{subsubsection.4.1.2}{\376\377\145\160\221\317\171\357}{subsection.4.1}% 108
\BOOKMARK [3][-]{subsubsection.4.1.3}{\376\377\127\120\150\007\217\320\173\227}{subsection.4.1}% 109
\BOOKMARK [2][-]{subsection.4.2}{\376\377\173\054\116\214\213\262\000\040\172\313\117\123\121\340\117\125\166\204\172\172\225\364\124\021\221\317\145\271\154\325}{section.4}% 110
\BOOKMARK [3][-]{subsubsection.4.2.1}{\376\377\136\163\210\114\060\001\127\202\166\364}{subsection.4.2}% 111
\BOOKMARK [3][-]{subsubsection.4.2.2}{\376\377\211\322\136\246\225\356\230\230}{subsection.4.2}% 112
\BOOKMARK [2][-]{subsection.4.3}{\376\377\173\054\116\011\213\262\000\040\166\364\176\277\145\271\172\013}{section.4}% 113
\BOOKMARK [3][-]{subsubsection.4.3.1}{\376\377\166\364\176\277\145\271\172\013}{subsection.4.3}% 114
\BOOKMARK [3][-]{subsubsection.4.3.2}{\376\377\133\371\171\360\225\356\230\230}{subsection.4.3}% 115
\BOOKMARK [3][-]{subsubsection.4.3.3}{\376\377\166\364\176\277\174\373\145\271\172\013}{subsection.4.3}% 116
\BOOKMARK [2][-]{subsection.4.4}{\376\377\173\054\126\333\213\262\000\040\127\006\166\204\145\271\172\013}{section.4}% 117
\BOOKMARK [3][-]{subsubsection.4.4.1}{\376\377\127\006\166\204\145\271\172\013}{subsection.4.4}% 118
\BOOKMARK [3][-]{subsubsection.4.4.2}{\376\377\160\271\176\277\127\006\166\204\117\115\177\156\121\163\174\373}{subsection.4.4}% 119
\BOOKMARK [3][-]{subsubsection.4.4.3}{\376\377\122\007\176\277\145\271\172\013\116\016\122\007\176\277\225\177}{subsection.4.4}% 120
\BOOKMARK [2][-]{subsection.4.5}{\376\377\173\054\116\224\213\262\000\040\166\364\176\277\116\016\127\006\176\374\124\010}{section.4}% 121
\BOOKMARK [3][-]{subsubsection.4.5.1}{\376\377\127\006\166\204\122\007\160\271\060\001\137\046\225\356\230\230}{subsection.4.5}% 122
\BOOKMARK [3][-]{subsubsection.4.5.2}{\376\377\117\115\177\156\121\163\174\373\176\374\124\010}{subsection.4.5}% 123
\BOOKMARK [2][-]{subsection.4.6}{\376\377\173\054\121\155\213\262\000\040\151\055\127\006}{section.4}% 124
\BOOKMARK [3][-]{subsubsection.4.6.1}{\376\377\161\046\160\271\116\011\211\322\137\142\123\330\137\142}{subsection.4.6}% 125
\BOOKMARK [3][-]{subsubsection.4.6.2}{\376\377\161\046\160\271\116\011\211\322\137\142\227\142\171\357}{subsection.4.6}% 126
\BOOKMARK [3][-]{subsubsection.4.6.3}{\376\377\171\273\137\303\163\207}{subsection.4.6}% 127
\BOOKMARK [2][-]{subsection.4.7}{\376\377\173\054\116\003\213\262\000\040\116\055\160\271\060\001\133\371\171\360\225\356\230\230}{section.4}% 128
\BOOKMARK [3][-]{subsubsection.4.7.1}{\376\377\160\271\135\356\154\325}{subsection.4.7}% 129
\BOOKMARK [3][-]{subsubsection.4.7.2}{\376\377\116\055\160\271\225\356\230\230}{subsection.4.7}% 130
\BOOKMARK [3][-]{subsubsection.4.7.3}{\376\377\133\371\171\360\225\356\230\230}{subsection.4.7}% 131
\BOOKMARK [2][-]{subsection.4.8}{\376\377\173\054\121\153\213\262\000\040\137\046\225\177\227\142\171\357}{section.4}% 132
\BOOKMARK [3][-]{subsubsection.4.8.1}{\376\377\120\022\145\234\152\052\142\052\137\017}{subsection.4.8}% 133
\BOOKMARK [2][-]{subsection.4.9}{\376\377\173\054\116\135\213\262\000\040\133\232\160\271\060\001\133\232\120\074\225\356\230\230}{section.4}% 134
\BOOKMARK [2][-]{subsection.4.10}{\376\377\173\054\123\101\213\262\000\040\123\314\146\362\176\277}{section.4}% 135
\BOOKMARK [2][-]{subsection.4.11}{\376\377\173\054\123\101\116\000\213\262\000\040\142\233\162\151\176\277}{section.4}% 136
\BOOKMARK [3][-]{subsubsection.4.11.1}{\376\377\134\017\176\323\213\272}{subsection.4.11}% 137
\BOOKMARK [2][-]{subsection.4.12}{\376\377\173\054\123\101\116\214\213\262\000\040\173\111\135\356\145\160\122\027}{section.4}% 138
\BOOKMARK [2][-]{subsection.4.13}{\376\377\173\054\123\101\116\011\213\262\000\040\173\111\153\324\145\160\122\027}{section.4}% 139
\BOOKMARK [3][-]{subsubsection.4.13.1}{\376\377\173\111\153\324\145\160\122\027\166\204\140\047\215\050}{subsection.4.13}% 140
\BOOKMARK [2][-]{subsection.4.14}{\376\377\173\054\123\101\126\333\213\262\000\040\145\160\122\027\154\102\220\032\230\171}{section.4}% 141
\BOOKMARK [3][-]{subsubsection.4.14.1}{\376\377\137\205\133\232\174\373\145\160\154\325}{subsection.4.14}% 142
\BOOKMARK [3][-]{subsubsection.4.14.2}{\376\377\000S\000n\116\016\000a\000n\166\204\121\163\174\373}{subsection.4.14}% 143
\BOOKMARK [2][-]{subsection.4.15}{\376\377\173\054\123\101\116\224\213\262\000\040\145\160\122\027\154\102\124\214}{section.4}% 144
\BOOKMARK [3][-]{subsubsection.4.15.1}{\376\377\122\006\176\304\154\102\124\214}{subsection.4.15}% 145
\BOOKMARK [3][-]{subsubsection.4.15.2}{\376\377\210\302\230\171\166\370\155\210}{subsection.4.15}% 146
\BOOKMARK [3][-]{subsubsection.4.15.3}{\376\377\225\031\117\115\166\370\121\317}{subsection.4.15}% 147
\BOOKMARK [2][-]{subsection.4.16}{\376\377\121\163\116\216\145\160\122\027\145\076\177\051\060\001\127\006\225\045\146\362\176\277}{section.4}% 148
\BOOKMARK [3][-]{subsubsection.4.16.1}{\376\377\145\160\122\027\166\204\173\200\123\125\145\076\177\051}{subsection.4.16}% 149
\BOOKMARK [3][-]{subsubsection.4.16.2}{\376\377\127\006\225\045\146\362\176\277\134\017\230\230}{subsection.4.16}% 150
\BOOKMARK [3][-]{subsubsection.4.16.3}{\376\377\127\006\225\045\146\362\176\277\131\047\230\230}{subsection.4.16}% 151
\BOOKMARK [1][-]{section.5}{\376\377\232\330\116\214\133\322}{}% 152
\BOOKMARK [2][-]{subsection.5.1}{\376\377\173\054\116\000\213\262\000\040\122\240\154\325\123\237\164\006\124\214\116\130\154\325\123\237\164\006\116\016\143\222\122\027\176\304\124\010}{section.5}% 153
\BOOKMARK [3][-]{subsubsection.5.1.1}{\376\377\122\240\154\325\123\237\164\006\124\214\116\130\154\325\123\237\164\006}{subsection.5.1}% 154
\BOOKMARK [3][-]{subsubsection.5.1.2}{\376\377\143\222\122\027}{subsection.5.1}% 155
\BOOKMARK [3][-]{subsubsection.5.1.3}{\376\377\176\304\124\010}{subsection.5.1}% 156
\BOOKMARK [2][-]{subsection.5.2}{\376\377\173\054\116\214\213\262\000\040\166\370\220\273\060\001\116\015\166\370\220\273\225\356\230\230\173\111\143\222\122\027\176\304\124\010\126\333\174\173\145\271\154\325}{section.5}% 157
\BOOKMARK [3][-]{subsubsection.5.2.1}{\376\377\166\370\220\273\060\001\116\015\166\370\220\273\225\356\230\230}{subsection.5.2}% 158
\BOOKMARK [3][-]{subsubsection.5.2.2}{\376\377\133\232\117\115\060\001\133\232\136\217\225\356\230\230}{subsection.5.2}% 159
\BOOKMARK [3][-]{subsubsection.5.2.3}{\376\377\153\143\226\276\122\031\123\315\225\356\230\230\377\010\201\363\131\032\060\001\201\363\134\021\060\001\116\015\220\375\377\011}{subsection.5.2}% 160
\BOOKMARK [3][-]{subsubsection.5.2.4}{\376\377\166\370\124\014\121\103\175\040\122\006\221\115\225\356\230\230}{subsection.5.2}% 161
\BOOKMARK [2][-]{subsection.5.3}{\376\377\173\054\116\011\213\262\000\040\147\141\116\366\151\202\163\207\116\016\171\273\145\143\127\213\226\217\147\072\123\330\221\317}{section.5}% 162
\BOOKMARK [3][-]{subsubsection.5.3.1}{\376\377\147\141\116\366\151\202\163\207}{subsection.5.3}% 163
\BOOKMARK [3][-]{subsubsection.5.3.2}{\376\377\121\150\151\202\163\207}{subsection.5.3}% 164
\BOOKMARK [3][-]{subsubsection.5.3.3}{\376\377\171\273\145\143\127\213\226\217\147\072\123\330\221\317}{subsection.5.3}% 165
