\BOOKMARK [1][-]{section.1}{\376\377\121\306\232\330\116\214\146\221\147\037\145\160\133\146}{}% 1
\BOOKMARK [2][-]{subsection.1.1}{\376\377\173\054\116\000\213\262\000\040\172\172\225\364\124\021\221\317\166\204\151\202\137\365\123\312\121\166\217\320\173\227}{section.1}% 2
\BOOKMARK [3][-]{subsubsection.1.1.1}{\376\377\172\172\225\364\124\021\221\317\166\204\151\202\137\365\123\312\121\166\176\277\140\047\217\320\173\227}{subsection.1.1}% 3
\BOOKMARK [3][-]{subsubsection.1.1.2}{\376\377\124\021\221\317\166\204\145\160\221\317\171\357}{subsection.1.1}% 4
\BOOKMARK [3][-]{subsubsection.1.1.3}{\376\377\127\120\150\007\217\320\173\227}{subsection.1.1}% 5
\BOOKMARK [2][-]{subsection.1.2}{\376\377\173\054\116\214\213\262\000\040\172\313\117\123\121\340\117\125\116\055\166\204\124\021\221\317\145\271\154\325}{section.1}% 6
\BOOKMARK [3][-]{subsubsection.1.2.1}{\376\377\145\271\124\021\124\021\221\317\116\016\154\325\124\021\221\317}{subsection.1.2}% 7
\BOOKMARK [3][-]{subsubsection.1.2.2}{\376\377\172\172\225\364\136\163\210\114\060\001\127\202\166\364\116\016\172\172\225\364\124\021\221\317\166\204\121\163\174\373}{subsection.1.2}% 8
\BOOKMARK [3][-]{subsubsection.1.2.3}{\376\377\211\322\136\246\225\356\230\230}{subsection.1.2}% 9
\BOOKMARK [2][-]{subsection.1.3}{\376\377\173\054\116\011\213\262\000\040\166\364\176\277\145\271\172\013}{section.1}% 10
\BOOKMARK [3][-]{subsubsection.1.3.1}{\376\377\166\364\176\277\145\271\172\013}{subsection.1.3}% 11
\BOOKMARK [3][-]{subsubsection.1.3.2}{\376\377\117\115\177\156\121\163\174\373\116\016\215\335\171\273\121\154\137\017}{subsection.1.3}% 12
\BOOKMARK [2][-]{subsection.1.4}{\376\377\173\054\126\333\213\262\000\040\166\364\176\277\116\016\127\006}{section.1}% 13
\BOOKMARK [3][-]{subsubsection.1.4.1}{\376\377\127\006\166\204\145\271\172\013}{subsection.1.4}% 14
\BOOKMARK [3][-]{subsubsection.1.4.2}{\376\377\160\271\060\001\166\364\176\277\060\001\127\006\116\016\127\006\166\204\117\115\177\156\121\163\174\373}{subsection.1.4}% 15
\BOOKMARK [2][-]{subsection.1.5}{\376\377\173\054\116\224\213\262\000\040\151\055\127\006\122\035\153\145}{section.1}% 16
\BOOKMARK [3][-]{subsubsection.1.5.1}{\376\377\151\055\127\006\166\204\133\232\116\111}{subsection.1.5}% 17
\BOOKMARK [3][-]{subsubsection.1.5.2}{\376\377\151\055\127\006\166\204\150\007\121\306\145\271\172\013}{subsection.1.5}% 18
\BOOKMARK [3][-]{subsubsection.1.5.3}{\376\377\121\340\117\125\140\047\215\050}{subsection.1.5}% 19
\BOOKMARK [2][-]{subsection.1.6}{\376\377\173\054\121\155\213\262\000\040\123\314\146\362\176\277\122\035\153\145}{section.1}% 20
\BOOKMARK [3][-]{subsubsection.1.6.1}{\376\377\123\314\146\362\176\277\166\204\133\232\116\111}{subsection.1.6}% 21
\BOOKMARK [3][-]{subsubsection.1.6.2}{\376\377\123\314\146\362\176\277\166\204\150\007\121\306\145\271\172\013}{subsection.1.6}% 22
\BOOKMARK [3][-]{subsubsection.1.6.3}{\376\377\121\340\117\125\140\047\215\050}{subsection.1.6}% 23
\BOOKMARK [2][-]{subsection.1.7}{\376\377\173\054\116\003\213\262\000\040\142\233\162\151\176\277\122\035\153\145}{section.1}% 24
\BOOKMARK [3][-]{subsubsection.1.7.1}{\376\377\133\232\116\111}{subsection.1.7}% 25
\BOOKMARK [3][-]{subsubsection.1.7.2}{\376\377\150\007\121\306\145\271\172\013}{subsection.1.7}% 26
\BOOKMARK [3][-]{subsubsection.1.7.3}{\376\377\133\232\116\111\116\016\161\046\121\306\215\335\217\154\123\026}{subsection.1.7}% 27
\BOOKMARK [3][-]{subsubsection.1.7.4}{\376\377\134\006\121\233\231\156\232\154\225\356\230\230}{subsection.1.7}% 28
\BOOKMARK [3][-]{subsubsection.1.7.5}{\376\377\166\370\117\074\116\011\211\322\137\142\225\356\230\230}{subsection.1.7}% 29
\BOOKMARK [2][-]{subsection.1.8}{\376\377\173\054\121\153\213\262\000\040\217\150\217\371\145\271\172\013}{section.1}% 30
\BOOKMARK [3][-]{subsubsection.1.8.1}{\376\377\127\006\225\045\146\362\176\277\176\374\124\010\000\050\154\102\145\271\172\013\000/\171\273\137\303\163\207\000\051}{subsection.1.8}% 31
